// Jest Snapshot v1, https://goo.gl/fbAQLP

exports[`<ProductDetails /> should have a match snapshot 1`] = `
<ProductDetails
  dispatch={[Function]}
  item={Object {}}
/>
`;
