// Jest Snapshot v1, https://goo.gl/fbAQLP

exports[`<About /> should match snapshot 1`] = `
<styled.div>
  Github: 
  <styled.a
    href="https://github.com/khizar-ali/store"
    target="_blank"
  >
    https://github.com/khizar-ali/store
  </styled.a>
</styled.div>
`;
