// Jest Snapshot v1, https://goo.gl/fbAQLP

exports[`<App /> should render without crashing 1`] = `
ShallowWrapper {
  "length": 1,
  Symbol(enzyme.__root__): [Circular],
  Symbol(enzyme.__unrendered__): <Container
    fluid={true}
    tag="div"
  >
    <Route
      component={[Function]}
      path="/"
    />
    <Row
      tag="div"
    >
      <Col
        lg={12}
        tag="div"
        widths={
          Array [
            "xs",
            "sm",
            "md",
            "lg",
            "xl",
          ]
        }
      >
        <Switch>
          <Route
            component={[Function]}
            exact={true}
            path="/"
          />
          <Route
            component={[Function]}
            exact={true}
            path="/about"
          />
          <Route
            component={[Function]}
            exact={true}
            path="/products"
          />
          <Route
            component={[Function]}
            exact={true}
            path="/product/:id"
          />
          <Route
            component={[Function]}
          />
        </Switch>
      </Col>
    </Row>
  </Container>,
  Symbol(enzyme.__renderer__): Object {
    "batchedUpdates": [Function],
    "getNode": [Function],
    "render": [Function],
    "simulateEvent": [Function],
    "unmount": [Function],
  },
  Symbol(enzyme.__node__): Object {
    "instance": null,
    "key": undefined,
    "nodeType": "host",
    "props": Object {
      "children": Array [
        <Route
          component={[Function]}
          path="/"
        />,
        <Row
          tag="div"
        >
          <Col
            lg={12}
            tag="div"
            widths={
              Array [
                "xs",
                "sm",
                "md",
                "lg",
                "xl",
              ]
            }
          >
            <Switch>
              <Route
                component={[Function]}
                exact={true}
                path="/"
              />
              <Route
                component={[Function]}
                exact={true}
                path="/about"
              />
              <Route
                component={[Function]}
                exact={true}
                path="/products"
              />
              <Route
                component={[Function]}
                exact={true}
                path="/product/:id"
              />
              <Route
                component={[Function]}
              />
            </Switch>
          </Col>
        </Row>,
      ],
      "className": "container-fluid",
    },
    "ref": null,
    "rendered": Array [
      Object {
        "instance": null,
        "key": undefined,
        "nodeType": "class",
        "props": Object {
          "component": [Function],
          "path": "/",
        },
        "ref": null,
        "rendered": null,
        "type": [Function],
      },
      Object {
        "instance": null,
        "key": undefined,
        "nodeType": "function",
        "props": Object {
          "children": <Col
            lg={12}
            tag="div"
            widths={
              Array [
                "xs",
                "sm",
                "md",
                "lg",
                "xl",
              ]
            }
          >
            <Switch>
              <Route
                component={[Function]}
                exact={true}
                path="/"
              />
              <Route
                component={[Function]}
                exact={true}
                path="/about"
              />
              <Route
                component={[Function]}
                exact={true}
                path="/products"
              />
              <Route
                component={[Function]}
                exact={true}
                path="/product/:id"
              />
              <Route
                component={[Function]}
              />
            </Switch>
          </Col>,
          "tag": "div",
        },
        "ref": null,
        "rendered": Object {
          "instance": null,
          "key": undefined,
          "nodeType": "function",
          "props": Object {
            "children": <Switch>
              <Route
                component={[Function]}
                exact={true}
                path="/"
              />
              <Route
                component={[Function]}
                exact={true}
                path="/about"
              />
              <Route
                component={[Function]}
                exact={true}
                path="/products"
              />
              <Route
                component={[Function]}
                exact={true}
                path="/product/:id"
              />
              <Route
                component={[Function]}
              />
            </Switch>,
            "lg": 12,
            "tag": "div",
            "widths": Array [
              "xs",
              "sm",
              "md",
              "lg",
              "xl",
            ],
          },
          "ref": null,
          "rendered": Object {
            "instance": null,
            "key": undefined,
            "nodeType": "class",
            "props": Object {
              "children": Array [
                <Route
                  component={[Function]}
                  exact={true}
                  path="/"
                />,
                <Route
                  component={[Function]}
                  exact={true}
                  path="/about"
                />,
                <Route
                  component={[Function]}
                  exact={true}
                  path="/products"
                />,
                <Route
                  component={[Function]}
                  exact={true}
                  path="/product/:id"
                />,
                <Route
                  component={[Function]}
                />,
              ],
            },
            "ref": null,
            "rendered": Array [
              Object {
                "instance": null,
                "key": undefined,
                "nodeType": "class",
                "props": Object {
                  "component": [Function],
                  "exact": true,
                  "path": "/",
                },
                "ref": null,
                "rendered": null,
                "type": [Function],
              },
              Object {
                "instance": null,
                "key": undefined,
                "nodeType": "class",
                "props": Object {
                  "component": [Function],
                  "exact": true,
                  "path": "/about",
                },
                "ref": null,
                "rendered": null,
                "type": [Function],
              },
              Object {
                "instance": null,
                "key": undefined,
                "nodeType": "class",
                "props": Object {
                  "component": [Function],
                  "exact": true,
                  "path": "/products",
                },
                "ref": null,
                "rendered": null,
                "type": [Function],
              },
              Object {
                "instance": null,
                "key": undefined,
                "nodeType": "class",
                "props": Object {
                  "component": [Function],
                  "exact": true,
                  "path": "/product/:id",
                },
                "ref": null,
                "rendered": null,
                "type": [Function],
              },
              Object {
                "instance": null,
                "key": undefined,
                "nodeType": "class",
                "props": Object {
                  "component": [Function],
                },
                "ref": null,
                "rendered": null,
                "type": [Function],
              },
            ],
            "type": [Function],
          },
          "type": [Function],
        },
        "type": [Function],
      },
    ],
    "type": "div",
  },
  Symbol(enzyme.__nodes__): Array [
    Object {
      "instance": null,
      "key": undefined,
      "nodeType": "host",
      "props": Object {
        "children": Array [
          <Route
            component={[Function]}
            path="/"
          />,
          <Row
            tag="div"
          >
            <Col
              lg={12}
              tag="div"
              widths={
                Array [
                  "xs",
                  "sm",
                  "md",
                  "lg",
                  "xl",
                ]
              }
            >
              <Switch>
                <Route
                  component={[Function]}
                  exact={true}
                  path="/"
                />
                <Route
                  component={[Function]}
                  exact={true}
                  path="/about"
                />
                <Route
                  component={[Function]}
                  exact={true}
                  path="/products"
                />
                <Route
                  component={[Function]}
                  exact={true}
                  path="/product/:id"
                />
                <Route
                  component={[Function]}
                />
              </Switch>
            </Col>
          </Row>,
        ],
        "className": "container-fluid",
      },
      "ref": null,
      "rendered": Array [
        Object {
          "instance": null,
          "key": undefined,
          "nodeType": "class",
          "props": Object {
            "component": [Function],
            "path": "/",
          },
          "ref": null,
          "rendered": null,
          "type": [Function],
        },
        Object {
          "instance": null,
          "key": undefined,
          "nodeType": "function",
          "props": Object {
            "children": <Col
              lg={12}
              tag="div"
              widths={
                Array [
                  "xs",
                  "sm",
                  "md",
                  "lg",
                  "xl",
                ]
              }
            >
              <Switch>
                <Route
                  component={[Function]}
                  exact={true}
                  path="/"
                />
                <Route
                  component={[Function]}
                  exact={true}
                  path="/about"
                />
                <Route
                  component={[Function]}
                  exact={true}
                  path="/products"
                />
                <Route
                  component={[Function]}
                  exact={true}
                  path="/product/:id"
                />
                <Route
                  component={[Function]}
                />
              </Switch>
            </Col>,
            "tag": "div",
          },
          "ref": null,
          "rendered": Object {
            "instance": null,
            "key": undefined,
            "nodeType": "function",
            "props": Object {
              "children": <Switch>
                <Route
                  component={[Function]}
                  exact={true}
                  path="/"
                />
                <Route
                  component={[Function]}
                  exact={true}
                  path="/about"
                />
                <Route
                  component={[Function]}
                  exact={true}
                  path="/products"
                />
                <Route
                  component={[Function]}
                  exact={true}
                  path="/product/:id"
                />
                <Route
                  component={[Function]}
                />
              </Switch>,
              "lg": 12,
              "tag": "div",
              "widths": Array [
                "xs",
                "sm",
                "md",
                "lg",
                "xl",
              ],
            },
            "ref": null,
            "rendered": Object {
              "instance": null,
              "key": undefined,
              "nodeType": "class",
              "props": Object {
                "children": Array [
                  <Route
                    component={[Function]}
                    exact={true}
                    path="/"
                  />,
                  <Route
                    component={[Function]}
                    exact={true}
                    path="/about"
                  />,
                  <Route
                    component={[Function]}
                    exact={true}
                    path="/products"
                  />,
                  <Route
                    component={[Function]}
                    exact={true}
                    path="/product/:id"
                  />,
                  <Route
                    component={[Function]}
                  />,
                ],
              },
              "ref": null,
              "rendered": Array [
                Object {
                  "instance": null,
                  "key": undefined,
                  "nodeType": "class",
                  "props": Object {
                    "component": [Function],
                    "exact": true,
                    "path": "/",
                  },
                  "ref": null,
                  "rendered": null,
                  "type": [Function],
                },
                Object {
                  "instance": null,
                  "key": undefined,
                  "nodeType": "class",
                  "props": Object {
                    "component": [Function],
                    "exact": true,
                    "path": "/about",
                  },
                  "ref": null,
                  "rendered": null,
                  "type": [Function],
                },
                Object {
                  "instance": null,
                  "key": undefined,
                  "nodeType": "class",
                  "props": Object {
                    "component": [Function],
                    "exact": true,
                    "path": "/products",
                  },
                  "ref": null,
                  "rendered": null,
                  "type": [Function],
                },
                Object {
                  "instance": null,
                  "key": undefined,
                  "nodeType": "class",
                  "props": Object {
                    "component": [Function],
                    "exact": true,
                    "path": "/product/:id",
                  },
                  "ref": null,
                  "rendered": null,
                  "type": [Function],
                },
                Object {
                  "instance": null,
                  "key": undefined,
                  "nodeType": "class",
                  "props": Object {
                    "component": [Function],
                  },
                  "ref": null,
                  "rendered": null,
                  "type": [Function],
                },
              ],
              "type": [Function],
            },
            "type": [Function],
          },
          "type": [Function],
        },
      ],
      "type": "div",
    },
  ],
  Symbol(enzyme.__options__): Object {
    "adapter": ReactSixteenAdapter {
      "options": Object {
        "enableComponentDidUpdateOnSetState": true,
      },
    },
  },
}
`;
